// Jest Snapshot v1, https://goo.gl/fbAQLP

exports[`should render EditReportView 1`] = `
<div>
  <div
    className="reports-header"
  >
    <div
      className="content-container"
    >
      <h1
        className="reports-header__title"
      >
         Edit Report 
      </h1>
    </div>
  </div>
  <div
    className="content-container"
  >
    <ReportForm
      onSubmit={[Function]}
      report={
        Object {
          "createdAt": 345600000,
          "id": "3",
          "note": "",
          "period": 3,
          "student_name": "Fred",
        }
      }
    />
    <button
      className="login-button button--secondary"
      onClick={[Function]}
    >
      Remove Report
    </button>
  </div>
</div>
`;
