// Jest Snapshot v1, https://goo.gl/fbAQLP

exports[`should render ReportsHeader correctly 1`] = `
<header
  className="reports-header"
>
  <div
    classsName="content-container"
  >
    <Link
      className="reports-header__title"
      replace={false}
      to="/reports"
    >
      <h1>
         Student Behavior Reports 
      </h1>
      <div
        className="reports-header__actions"
      >
        <Link
          className="login-button"
          replace={false}
          to="/reports/create"
        >
          Create Report
        </Link>
      </div>
    </Link>
  </div>
</header>
`;
