// Jest Snapshot v1, https://goo.gl/fbAQLP

exports[`should render ReportsHeader correctly 1`] = `
<header>
  <h1>
     Viewing Student Behavior Reports 
  </h1>
  <NavLink
    activeClassName="is-active"
    ariaCurrent="true"
    exact={true}
    to="/reports"
  >
    Reports
  </NavLink>
  <NavLink
    activeClassName="is-active"
    ariaCurrent="true"
    to="/reports/create"
  >
    Create Report
  </NavLink>
</header>
`;
